// Jest Snapshot v1, https://goo.gl/fbAQLP

exports[`<BindKeyboard /> matches snapshot 1`] = `""`;

exports[`<BindKeyboard /> matches snapshot 2`] = `
<div>
  Contents
</div>
`;
