// Jest Snapshot v1, https://goo.gl/fbAQLP

exports[`<FilteredNoteList /> matches snapshot 1`] = `
<withRouter(Connect(WithStyles(NoteList)))
  deleteNote={[Function]}
  depth={1}
  history={
    Object {
      "action": "POP",
      "block": [Function],
      "canGo": [Function],
      "createHref": [Function],
      "entries": Array [
        Object {
          "hash": "",
          "pathname": "/",
          "search": "",
          "state": undefined,
        },
      ],
      "go": [Function],
      "goBack": [Function],
      "goForward": [Function],
      "index": 0,
      "length": 1,
      "listen": [Function],
      "location": Object {
        "hash": "",
        "pathname": "/",
        "search": "",
        "state": undefined,
      },
      "push": [Function],
      "replace": [Function],
    }
  }
  location={
    Object {
      "hash": "",
      "pathname": "/",
      "search": "",
      "state": undefined,
    }
  }
  match={
    Object {
      "isExact": true,
      "params": Object {
        "ids": "1",
      },
      "path": "",
      "url": "",
    }
  }
  notes={Map {}}
  parent_note_id={null}
  renderOnly={
    Set {
      1,
    }
  }
  search=""
  updateNote={[Function]}
/>
`;
