// Jest Snapshot v1, https://goo.gl/fbAQLP

exports[`<NoteEditor /> matches snapshot 1`] = `
<BindKeyboard
  callback={[Function]}
  keys="ctrl+s"
>
  <WithStyles(ForwardRef(Card))
    classes={
      Object {
        "root": "",
      }
    }
  >
    <WithStyles(ForwardRef(CardHeader))
      action={
        <WithStyles(ForwardRef(IconButton))
          onClick={[Function]}
        >
          <Memo />
        </WithStyles(ForwardRef(IconButton))>
      }
      title={
        <WithStyles(ForwardRef(Input))
          classes={
            Object {
              "root": "",
            }
          }
          onChange={[Function]}
          style={
            Object {
              "fontSize": "inherit",
            }
          }
          value="note title"
        />
      }
    />
    <WithStyles(ForwardRef(CardContent))
      classes={
        Object {
          "root": "",
        }
      }
    >
      <WithStyles(ChipInput)
        classes={Object {}}
        dataSource={
          Array [
            "arc:Delmirev",
            "type:Location",
            "type:Character",
          ]
        }
        fullWidth={true}
        onAdd={[Function]}
        onDelete={[Function]}
        placeholder="Tags"
        value={
          Array [
            "tag1",
          ]
        }
      />
      <t
        exts={
          Array [
            "colorSyntax",
          ]
        }
        height="calc(100% - 40px)"
        initialEditType="wysiwyg"
        initialValue="note body"
        onChange={[Function]}
        usageStatistics={false}
        useCommandShortcut={false}
      />
    </WithStyles(ForwardRef(CardContent))>
  </WithStyles(ForwardRef(Card))>
</BindKeyboard>
`;

exports[`<NoteEditor /> matches snapshot 2`] = `
<BindKeyboard
  callback={[Function]}
  keys="ctrl+s"
>
  <WithStyles(ForwardRef(Card))
    classes={
      Object {
        "root": "",
      }
    }
  >
    <WithStyles(ForwardRef(CardHeader))
      action={
        <WithStyles(ForwardRef(IconButton))
          onClick={[Function]}
        >
          <Memo />
        </WithStyles(ForwardRef(IconButton))>
      }
      title={
        <WithStyles(ForwardRef(Input))
          classes={
            Object {
              "root": "",
            }
          }
          onChange={[Function]}
          style={
            Object {
              "fontSize": "inherit",
            }
          }
          value="note title"
        />
      }
    />
    <WithStyles(ForwardRef(CardContent))
      classes={
        Object {
          "root": "",
        }
      }
    >
      <WithStyles(ChipInput)
        classes={Object {}}
        dataSource={
          Array [
            "arc:Delmirev",
            "type:Location",
            "type:Character",
          ]
        }
        fullWidth={true}
        onAdd={[Function]}
        onDelete={[Function]}
        placeholder="Tags"
        value={
          Array [
            "tag1",
          ]
        }
      />
      <t
        exts={
          Array [
            "colorSyntax",
          ]
        }
        height="calc(100% - 40px)"
        initialEditType="wysiwyg"
        initialValue="note body"
        onChange={[Function]}
        usageStatistics={false}
        useCommandShortcut={false}
      />
    </WithStyles(ForwardRef(CardContent))>
  </WithStyles(ForwardRef(Card))>
</BindKeyboard>
`;
